// Jest Snapshot v1, https://goo.gl/fbAQLP

exports[`Pruebas en <GifItem /> debe hacer match con el snapshot 1`] = `
<div>
  <div
    class="card"
    data-testid="test_gif"
  >
    <a
      class="card-link"
      href="https://mavadev.com"
      rel="noopener noreferrer"
      target="_blank"
    >
      <img
        alt="Saitama GIF"
        height="200"
        src="https://one-punch.com/saitama.jpg"
        width="300"
      />
      <div
        class="box-information"
      >
        <p>
          Saitama GIF
        </p>
      </div>
    </a>
  </div>
</div>
`;
